// Jest Snapshot v1, https://goo.gl/fbAQLP

exports[`Home component renders correectly 1`] = `
<h1>
  Hello World
</h1>
`;
